{"id":2,"balance":9178362293889003128,"owner":{"firstName":"FirstName0002","lastName":"LastName0002"},"accountType":"CHECKING"}