{"id":4,"balance":-6893992324565249780,"owner":{"firstName":"FirstName0004","lastName":"LastName0004"},"accountType":"CHECKING"}