{"id":7,"balance":8007042069081092586,"owner":{"firstName":"FirstName0007","lastName":"LastName0007"},"accountType":"CHECKING"}