{"id":8,"balance":8474013874289343184,"owner":{"firstName":"FirstName0008","lastName":"LastName0008"},"accountType":"CHECKING"}