{"id":3,"balance":2436670141988865151,"owner":{"firstName":"FirstName0003","lastName":"LastName0003"},"accountType":"CHECKING"}