{"id":5,"balance":-8637800878092851749,"owner":{"firstName":"FirstName0005","lastName":"LastName0005"},"accountType":"CHECKING"}